
[1m[46m RUN [49m[22m [36mv4.0.18 [39m[90mC:/Users/DELL/Desktop/MentorBridge[39m

 [31m×[39m tests/pages/auth.test.tsx[2m > [22mAuth Pages[2m > [22mLoginPage[2m > [22mrenders login form properly[33m 423[2mms[22m[39m
[31m   → Unable to find an accessible element with the role "heading" and name `/login/i`

Here are the accessible roles:

  textbox:

  Name "Email":
  [36m<input[31m
    [33mclass[31m=[32m"w-full rounded-md border border-border bg-background px-3 py-2 text-sm text-foreground placeholder:text-muted-foreground focus:outline-none focus:ring-2 focus:ring-emerald-500"[31m
    [33mid[31m=[32m"email"[31m
    [33mname[31m=[32m"email"[31m
    [33mplaceholder[31m=[32m"you@example.com"[31m
    [33mrequired[31m=[32m""[31m
    [33mtype[31m=[32m"email"[31m
  [36m/>[31m

  --------------------------------------------------
  button:

  Name "Sign in":
  [36m<button[31m
    [33mclass[31m=[32m"inline-flex items-center justify-center gap-2 whitespace-nowrap rounded-md text-sm font-medium transition-all disabled:pointer-events-none disabled:opacity-50 [&_svg]:pointer-events-none [&_svg:not([class*='size-'])]:size-4 shrink-0 [&_svg]:shrink-0 outline-none focus-visible:border-ring focus-visible:ring-ring/50 focus-visible:ring-[3px] aria-invalid:ring-destructive/20 dark:aria-invalid:ring-destructive/40 aria-invalid:border-destructive shadow-xs h-9 px-4 py-2 has-[>svg]:px-3 w-full bg-emerald-500 hover:bg-emerald-600 text-white"[31m
    [33mdata-slot[31m=[32m"button"[31m
    [33mtype[31m=[32m"submit"[31m
  [36m/>[31m

  Name "Sign in with Google":
  [36m<button[31m
    [33mclass[31m=[32m"inline-flex items-center justify-center gap-2 whitespace-nowrap rounded-md text-sm font-medium transition-all disabled:pointer-events-none disabled:opacity-50 [&_svg]:pointer-events-none [&_svg:not([class*='size-'])]:size-4 shrink-0 [&_svg]:shrink-0 outline-none focus-visible:border-ring focus-visible:ring-ring/50 focus-visible:ring-[3px] aria-invalid:ring-destructive/20 dark:aria-invalid:ring-destructive/40 aria-invalid:border-destructive border bg-background shadow-xs hover:bg-accent hover:text-accent-foreground dark:bg-input/30 dark:border-input dark:hover:bg-input/50 h-9 px-4 py-2 has-[>svg]:px-3 w-full"[31m
    [33mdata-slot[31m=[32m"button"[31m
  [36m/>[31m

  --------------------------------------------------
  paragraph:

  Name "":
  [36m<p[31m
    [33mclass[31m=[32m"text-center text-sm text-muted-foreground"[31m
  [36m/>[31m

  --------------------------------------------------
  link:

  Name "Sign up":
  [36m<a[31m
    [33mclass[31m=[32m"text-emerald-500 hover:underline font-medium"[31m
    [33mhref[31m=[32m"/signup"[31m
  [36m/>[31m

  --------------------------------------------------

Ignored nodes: comments, script, style
[36m<body>[31m
  [36m<div>[31m
    [36m<div[31m
      [33mclass[31m=[32m"flex items-center justify-center min-h-screen bg-background text-foreground"[31m
    [36m>[31m
      [36m<div[31m
        [33mclass[31m=[32m"flex flex-col gap-6 rounded-xl border py-6 shadow-sm w-full max-w-md bg-card text-card-foreground border-border"[31m
        [33mdata-slot[31m=[32m"card"[31m
      [36m>[31m
        [36m<div[31m
          [33mclass[31m=[32m"@container/card-header grid auto-rows-min grid-rows-[auto_auto] items-start gap-1.5 px-6 has-data-[slot=card-action]:grid-cols-[1fr_auto] [.border-b]:pb-6"[31m
          [33mdata-slot[31m=[32m"card-header"[31m
        [36m>[31m
          [36m<div[31m
            [33mclass[31m=[32m"leading-none font-semibold"[31m
            [33mdata-slot[31m=[32m"card-title"[31m
          [36m>[31m
            [0mLogin[0m
          [36m</div>[31m
          [36m<div[31m
            [33mclass[31m=[32m"text-muted-foreground text-sm"[31m
            [33mdata-slot[31m=[32m"card-description"[31m
          [36m>[31m
            [0mSign in to your account[0m
          [36m</div>[31m
        [36m</div>[31m
        [36m<div[31m
          [33mclass[31m=[32m"px-6 space-y-4"[31m
          [33mdata-slot[31m=[32m"card-content"[31m
        [36m>[31m
          [36m<form[31m
            [33maction[31m=[32m"javascript:throw new Error('A React form was unexpectedly submitted. If you called form.submit() manually, consider using form.requestSubmit() instead. If you\\'re trying to use event.stopPropagation() in a submit event handler, consider also calling event.preventDefault().')"[31m
            [33mclass[31m=[32m"space-y-4"[31m
          [36m>[31m
            [36m<div[31m
              [33mclass[31m=[32m"space-y-2"[31m
            [36m>[31m
              [36m<label[31m
                [33mclass[31m=[32m"text-sm font-medium text-foreground"[31m
                [33mfor[31m=[32m"email"[31m
              [36m>[31m
                [0mEmail[0m
              [36m</label>[31m
              [36m<input[31m
                [33mclass[31m=[32m"w-full rounded-md border border-border bg-background px-3 py-2 text-sm text-foreground placeholder:text-muted-foreground focus:outline-none focus:ring-2 focus:ring-emerald-500"[31m
                [33mid[31m=[32m"email"[31m
                [33mname[31m=[32m"email"[31m
                [33mplaceholder[31m=[32m"you@example.com"[31m
                [33mrequired[31m=[32m""[31m
                [33mtype[31m=[32m"email"[31m
              [36m/>[31m
            [36m</div>[31m
            [36m<div[31m
              [33mclass[31m=[32m"space-y-2"[31m
            [36m>[31m
              [36m<label[31m
                [33mclass[31m=[32m"text-sm font-medium text-foreground"[31m
                [33mfor[31m=[32m"password"[31m
              [36m>[31m
                [0mPassword[0m
              [36m</label>[31m
              [36m<input[31m
                [33mclass[31m=[32m"w-full rounded-md border border-border bg-background px-3 py-2 text-sm text-foreground placeholder:text-muted-foreground focus:outline-none focus:ring-2 focus:ring-emerald-500"[31m
                [33mid[31m=[32m"password"[31m
                [33mname[31m=[32m"password"[31m
                [33mplaceholder[31m=[32m"••••••••"[31m
                [33mrequired[31m=[32m""[31m
                [33mtype[31m=[32m"password"[31m
              [36m/>[31m
            [36m</div>[31m
            [36m<button[31m
              [33mclass[31m=[32m"inline-flex items-center justify-center gap-2 whitespace-nowrap rounded-md text-sm font-medium transition-all disabled:pointer-events-none disabled:opacity-50 [&_svg]:pointer-events-none [&_svg:not([class*='size-'])]:size-4 shrink-0 [&_svg]:shrink-0 outline-none focus-visible:border-ring focus-visible:ring-ring/50 focus-visible:ring-[3px] aria-invalid:ring-destructive/20 dark:aria-invalid:ring-destructive/40 aria-invalid:border-destructive shadow-xs h-9 px-4 py-2 has-[>svg]:px-3 w-full bg-emerald-500 hover:bg-emerald-600 text-white"[31m
              [33mdata-slot[31m=[32m"button"[31m
              [33mtype[31m=[32m"submit"[31m
            [36m>[31m
              [0mSign in[0m
            [36m</button>[31m
          [36m</form>[31m
          [36m<div[31m
            [33mclass[31m=[32m"relative"[31m
          [36m>[31m
            [36m<div[31m
              [33mclass[31m=[32m"absolute inset-0 flex items-center"[31m
            [36m>[31m
              [36m<span[31m
                [33mclass[31m=[32m"w-full border-t border-border"[31m
              [36m/>[31m
            [36m</div>[31m
            [36m<div[31m
              [33mclass[31m=[32m"relative flex justify-center text-xs uppercase"[31m
            [36m>[31m
              [36m<span[31m
                [33mclass[31m=[32m"bg-card px-2 text-muted-foreground"[31m
              [36m>[31m
                [0mor[0m
              [36m</span>[31m
            [36m</div>[31m
          [36m</div>[31m
          [36m<button[31m
            [33mclass[31m=[32m"inline-flex items-center justify-center gap-2 whitespace-nowrap rounded-md text-sm font-medium transition-all disabled:pointer-events-none disabled:opacity-50 [&_svg]:pointer-events-none [&_svg:not([class*='size-'])]:size-4 shrink-0 [&_svg]:shrink-0 outline-none focus-visible:border-ring focus-visible:ring-ring/50 focus-visible:ring-[3px] aria-invalid:ring-destructive/20 dark:aria-invalid:ring-destructive/40 aria-invalid:border-destructive border bg-background shadow-xs hover:bg-accent hover:text-accent-foreground dark:bg-input/30 dark:border-input dark:hover:bg-input/50 h-9 px-4 py-2 has-[>svg]:px-3 w-full"[31m
            [33mdata-slot[31m=[32m"button"[31m
          [36m>[31m
            [0mSign in with Google[0m
          [36m</button>[31m
          [36m<p[31m
            [33mclass[31m=[32m"text-center text-sm text-muted-foreground"[31m
          [36m>[31m
            [0mDon't have an account?[0m
            [0m [0m
            [36m<a[31m
              [33mclass[31m=[32m"text-emerald-500 hover:underline font-medium"[31m
              [33mhref[31m=[32m"/signup"[31m
            [36m>[31m
              [0mSign up[0m
            [36m</a>[31m
          [36m</p>[31m
        [36m</div>[31m
      [36m</div>[31m
    [36m</div>[31m
  [36m</div>[31m
[36m</body>[31m[39m
 [31m×[39m tests/pages/auth.test.tsx[2m > [22mAuth Pages[2m > [22mSignUpPage[2m > [22mrenders sign up form properly[32m 164[2mms[22m[39m
[31m   → Unable to find an accessible element with the role "heading" and name `/sign up/i`

Here are the accessible roles:

  button:

  Name "Sign up as Mentee":
  [36m<button[31m
    [33mclass[31m=[32m"inline-flex items-center justify-center gap-2 whitespace-nowrap rounded-md text-sm font-medium transition-all disabled:pointer-events-none disabled:opacity-50 [&_svg]:pointer-events-none [&_svg:not([class*='size-'])]:size-4 shrink-0 [&_svg]:shrink-0 outline-none focus-visible:border-ring focus-visible:ring-ring/50 focus-visible:ring-[3px] aria-invalid:ring-destructive/20 dark:aria-invalid:ring-destructive/40 aria-invalid:border-destructive bg-secondary text-secondary-foreground shadow-xs hover:bg-secondary/80 h-9 px-4 py-2 has-[>svg]:px-3 w-full"[31m
    [33mdata-slot[31m=[32m"button"[31m
    [33mtype[31m=[32m"button"[31m
  [36m/>[31m

  Name "Sign up as Mentor":
  [36m<button[31m
    [33mclass[31m=[32m"inline-flex items-center justify-center gap-2 whitespace-nowrap rounded-md text-sm font-medium transition-all disabled:pointer-events-none disabled:opacity-50 [&_svg]:pointer-events-none [&_svg:not([class*='size-'])]:size-4 shrink-0 [&_svg]:shrink-0 outline-none focus-visible:border-ring focus-visible:ring-ring/50 focus-visible:ring-[3px] aria-invalid:ring-destructive/20 dark:aria-invalid:ring-destructive/40 aria-invalid:border-destructive border bg-background shadow-xs hover:bg-accent hover:text-accent-foreground dark:bg-input/30 dark:border-input dark:hover:bg-input/50 h-9 px-4 py-2 has-[>svg]:px-3 w-full"[31m
    [33mdata-slot[31m=[32m"button"[31m
    [33mtype[31m=[32m"button"[31m
  [36m/>[31m

  Name "Sign up":
  [36m<button[31m
    [33mclass[31m=[32m"inline-flex items-center justify-center gap-2 whitespace-nowrap rounded-md text-sm font-medium transition-all disabled:pointer-events-none [&_svg]:pointer-events-none [&_svg:not([class*='size-'])]:size-4 shrink-0 [&_svg]:shrink-0 outline-none focus-visible:border-ring focus-visible:ring-ring/50 focus-visible:ring-[3px] aria-invalid:ring-destructive/20 dark:aria-invalid:ring-destructive/40 aria-invalid:border-destructive shadow-xs h-9 px-4 py-2 has-[>svg]:px-3 w-full bg-emerald-500 hover:bg-emerald-600 text-white disabled:opacity-50 disabled:cursor-not-allowed"[31m
    [33mdata-slot[31m=[32m"button"[31m
    [33mdisabled[31m=[32m""[31m
    [33mtype[31m=[32m"submit"[31m
  [36m/>[31m

  Name "Continue with Google":
  [36m<button[31m
    [33mclass[31m=[32m"inline-flex items-center justify-center gap-2 whitespace-nowrap rounded-md text-sm font-medium transition-all disabled:pointer-events-none [&_svg]:pointer-events-none [&_svg:not([class*='size-'])]:size-4 shrink-0 [&_svg]:shrink-0 outline-none focus-visible:border-ring focus-visible:ring-ring/50 focus-visible:ring-[3px] aria-invalid:ring-destructive/20 dark:aria-invalid:ring-destructive/40 aria-invalid:border-destructive border bg-background shadow-xs hover:bg-accent hover:text-accent-foreground dark:bg-input/30 dark:border-input dark:hover:bg-input/50 h-9 px-4 py-2 has-[>svg]:px-3 w-full disabled:opacity-50 disabled:cursor-not-allowed"[31m
    [33mdata-slot[31m=[32m"button"[31m
    [33mdisabled[31m=[32m""[31m
  [36m/>[31m

  --------------------------------------------------
  paragraph:

  Name "":
  [36m<p[31m
    [33mclass[31m=[32m"text-xs text-muted-foreground text-center"[31m
  [36m/>[31m

  Name "":
  [36m<p[31m
    [33mclass[31m=[32m"text-center text-sm text-muted-foreground"[31m
  [36m/>[31m

  --------------------------------------------------
  textbox:

  Name "Full Name":
  [36m<input[31m
    [33mclass[31m=[32m"w-full rounded-md border border-border bg-background px-3 py-2 text-sm text-foreground placeholder:text-muted-foreground focus:outline-none focus:ring-2 focus:ring-emerald-500"[31m
    [33mid[31m=[32m"name"[31m
    [33mname[31m=[32m"name"[31m
    [33mplaceholder[31m=[32m"John Doe"[31m
    [33mrequired[31m=[32m""[31m
    [33mtype[31m=[32m"text"[31m
  [36m/>[31m

  Name "Email":
  [36m<input[31m
    [33mclass[31m=[32m"w-full rounded-md border border-border bg-background px-3 py-2 text-sm text-foreground placeholder:text-muted-foreground focus:outline-none focus:ring-2 focus:ring-emerald-500"[31m
    [33mid[31m=[32m"email"[31m
    [33mname[31m=[32m"email"[31m
    [33mplaceholder[31m=[32m"you@example.com"[31m
    [33mrequired[31m=[32m""[31m
    [33mtype[31m=[32m"email"[31m
  [36m/>[31m

  --------------------------------------------------
  link:

  Name "Sign in":
  [36m<a[31m
    [33mclass[31m=[32m"text-emerald-500 hover:underline font-medium"[31m
    [33mhref[31m=[32m"/signin"[31m
  [36m/>[31m

  --------------------------------------------------

Ignored nodes: comments, script, style
[36m<body>[31m
  [36m<div>[31m
    [36m<div[31m
      [33mclass[31m=[32m"flex items-center justify-center min-h-screen bg-background text-foreground"[31m
    [36m>[31m
      [36m<div[31m
        [33mclass[31m=[32m"flex flex-col gap-6 rounded-xl border py-6 shadow-sm w-full max-w-md bg-card text-card-foreground border-border"[31m
        [33mdata-slot[31m=[32m"card"[31m
      [36m>[31m
        [36m<div[31m
          [33mclass[31m=[32m"@container/card-header grid auto-rows-min grid-rows-[auto_auto] items-start gap-1.5 px-6 has-data-[slot=card-action]:grid-cols-[1fr_auto] [.border-b]:pb-6"[31m
          [33mdata-slot[31m=[32m"card-header"[31m
        [36m>[31m
          [36m<div[31m
            [33mclass[31m=[32m"leading-none font-semibold"[31m
            [33mdata-slot[31m=[32m"card-title"[31m
          [36m>[31m
            [0mSign Up[0m
          [36m</div>[31m
          [36m<div[31m
            [33mclass[31m=[32m"text-muted-foreground text-sm"[31m
            [33mdata-slot[31m=[32m"card-description"[31m
          [36m>[31m
            [0mCreate your account[0m
          [36m</div>[31m
        [36m</div>[31m
        [36m<div[31m
          [33mclass[31m=[32m"px-6 space-y-4"[31m
          [33mdata-slot[31m=[32m"card-content"[31m
        [36m>[31m
          [36m<form[31m
            [33maction[31m=[32m"javascript:throw new Error('A React form was unexpectedly submitted. If you called form.submit() manually, consider using form.requestSubmit() instead. If you\\'re trying to use event.stopPropagation() in a submit event handler, consider also calling event.preventDefault().')"[31m
            [33mclass[31m=[32m"space-y-4"[31m
          [36m>[31m
            [36m<input[31m
              [33mname[31m=[32m"role"[31m
              [33mtype[31m=[32m"hidden"[31m
              [33mvalue[31m=[32m"MENTEE"[31m
            [36m/>[31m
            [36m<div[31m
              [33mclass[31m=[32m"space-y-2"[31m
            [36m>[31m
              [36m<label[31m
                [33mclass[31m=[32m"text-sm font-medium text-foreground"[31m
              [36m>[31m
                [0mI want to sign up as:[0m
              [36m</label>[31m
              [36m<div[31m
                [33mclass[31m=[32m"grid grid-cols-2 gap-2"[31m
              [36m>[31m
                [36m<button[31m
                  [33mclass[31m=[32m"inline-flex items-center justify-center gap-2 whitespace-nowrap rounded-md text-sm font-medium transition-all disabled:pointer-events-none disabled:opacity-50 [&_svg]:pointer-events-none [&_svg:not([class*='size-'])]:size-4 shrink-0 [&_svg]:shrink-0 outline-none focus-visible:border-ring focus-visible:ring-ring/50 focus-visible:ring-[3px] aria-invalid:ring-destructive/20 dark:aria-invalid:ring-destructive/40 aria-invalid:border-destructive bg-secondary text-secondary-foreground shadow-xs hover:bg-secondary/80 h-9 px-4 py-2 has-[>svg]:px-3 w-full"[31m
                  [33mdata-slot[31m=[32m"button"[31m
                  [33mtype[31m=[32m"button"[31m
                [36m>[31m
                  [0mSign up as Mentee[0m
                [36m</button>[31m
                [36m<button[31m
                  [33mclass[31m=[32m"inline-flex items-center justify-center gap-2 whitespace-nowrap rounded-md text-sm font-medium transition-all disabled:pointer-events-none disabled:opacity-50 [&_svg]:pointer-events-none [&_svg:not([class*='size-'])]:size-4 shrink-0 [&_svg]:shrink-0 outline-none focus-visible:border-ring focus-visible:ring-ring/50 focus-visible:ring-[3px] aria-invalid:ring-destructive/20 dark:aria-invalid:ring-destructive/40 aria-invalid:border-destructive border bg-background shadow-xs hover:bg-accent hover:text-accent-foreground dark:bg-input/30 dark:border-input dark:hover:bg-input/50 h-9 px-4 py-2 has-[>svg]:px-3 w-full"[31m
                  [33mdata-slot[31m=[32m"button"[31m
                  [33mtype[31m=[32m"button"[31m
                [36m>[31m
                  [0mSign up as Mentor[0m
                [36m</button>[31m
              [36m</div>[31m
              [36m<p[31m
                [33mclass[31m=[32m"text-xs text-muted-foreground text-center"[31m
              [36m>[31m
                [0mPlease select your role to continue[0m
              [36m</p>[31m
            [36m</div>[31m
            [36m<div[31m
              [33mclass[31m=[32m"space-y-2"[31m
            [36m>[31m
              [36m<label[31m
                [33mclass[31m=[32m"text-sm font-medium text-foreground"[31m
                [33mfor[31m=[32m"name"[31m
              [36m>[31m
                [0mFull Name[0m
              [36m</label>[31m
              [36m<input[31m
                [33mclass[31m=[32m"w-full rounded-md border border-border bg-background px-3 py-2 text-sm text-foreground placeholder:text-muted-foreground focus:outline-none focus:ring-2 focus:ring-emerald-500"[31m
                [33mid[31m=[32m"name"[31m
                [33mname[31m=[32m"name"[31m
                [33mplaceholder[31m=[32m"John Doe"[31m
                [33mrequired[31m=[32m""[31m
                [33mtype[31m=[32m"text"[31m
              [36m/>[31m
            [36m</div>[31m
            [36m<div[31m
              [33mclass[31m=[32m"space-y-2"[31m
            [36m>[31m
              [36m<label[31m
                [33mclass[31m=[32m"text-sm font-medium text-foreground"[31m
                [33mfor[31m=[32m"email"[31m
              [36m>[31m
                [0mEmail[0m
              [36m</label>[31m
              [36m<input[31m
                [33mclass[31m=[32m"w-full rounded-md border border-border bg-background px-3 py-2 text-sm text-foreground placeholder:text-muted-foreground focus:outline-none focus:ring-2 focus:ring-emerald-500"[31m
                [33mid[31m=[32m"email"[31m
                [33mname[31m=[32m"email"[31m
                [33mplaceholder[31m=[32m"you@example.com"[31m
                [33mrequired[31m=[32m""[31m
                [33mtype[31m=[32m"email"[31m
              [36m/>[31m
            [36m</div>[31m
            [36m<div[31m
              [33mclass[31m=[32m"space-y-2"[31m
            [36m>[31m
              [36m<label[31m
                [33mclass[31m=[32m"text-sm font-medium text-foreground"[31m
                [33mfor[31m=[32m"password"[31m
              [36m>[31m
                [0mPassword[0m
              [36m</label>[31m
              [36m<input[31m
                [33mclass[31m=[32m"w-full rounded-md border border-border bg-background px-3 py-2 text-sm text-foreground placeholder:text-muted-foreground focus:outline-none focus:ring-2 focus:ring-emerald-500"[31m
                [33mid[31m=[32m"password"[31m
                [33mname[31m=[32m"password"[31m
                [33mplaceholder[31m=[32m"••••••••"[31m
                [33mrequired[31m=[32m""[31m
                [33mtype[31m=[32m"password"[31m
              [36m/>[31m
            [36m</div>[31m
            [36m<div[31m
              [33mclass[31m=[32m"space-y-2"[31m
            [36m>[31m
              [36m<label[31m
                [33mclass[31m=[32m"text-sm font-medium text-foreground"[31m
                [33mfor[31m=[32m"confirmPassword"[31m
              [36m>[31m
                [0mConfirm Password[0m
              [36m</label>[31m
              [36m<input[31m
                [33mclass[31m=[32m"w-full rounded-md border border-border bg-background px-3 py-2 text-sm text-foreground placeholder:text-muted-foreground focus:outline-none focus:ring-2 focus:ring-emerald-500"[31m
                [33mid[31m=[32m"confirmPassword"[31m
                [33mname[31m=[32m"confirmPassword"[31m
                [33mplaceholder[31m=[32m"••••••••"[31m
                [33mrequired[31m=[32m""[31m
                [33mtype[31m=[32m"password"[31m
              [36m/>[31m
            [36m</div>[31m
            [36m<button[31m
              [33mclass[31m=[32m"inline-flex items-center justify-center gap-2 whitespace-nowrap rounded-md text-sm font-medium transition-all disabled:pointer-events-none [&_svg]:pointer-events-none [&_svg:not([class*='size-'])]:size-4 shrink-0 [&_svg]:shrink-0 outline-none focus-visible:border-ring focus-visible:ring-ring/50 focus-visible:ring-[3px] aria-invalid:ring-destructive/20 dark:aria-invalid:ring-destructive/40 aria-invalid:border-destructive shadow-xs h-9 px-4 py-2 has-[>svg]:px-3 w-full bg-emerald-500 hover:bg-emerald-600 text-white disabled:opacity-50 disabled:cursor-not-allowed"[31m
              [33mdata-slot[31m=[32m"button"[31m
              [33mdisabled[31m=[32m""[31m
              [33mtype[31m=[32m"submit"[31m
            [36m>[31m
              [0mSign up[0m
            [36m</button>[31m
          [36m</form>[31m
          [36m<p[31m
            [33mclass[31m=[32m"text-center text-sm text-muted-foreground"[31m
          [36m>[31m
            [0mAlready have an account?[0m
            [0m [0m
            [36m<a[31m
              [33mclass[31m=[32m"text-emerald-500 hover:underline font-medium"[31m
              [33mhref[31m=[32m"/signin"[31m
            [36m>[31m
              [0mSign in[0m
            [36m</a>[31m
          [36m</p>[31m
          [36m<div[31m
            [33mclass[31m=[32m"relative"[31m
          [36m>[31m
            [36m<div[31m
              [33mclass[31m=[32m"absolute inset-0 flex items-center"[31m
            [36m>[31m
              [36m<span[31m
                [33mclass[31m=[32m"w-full border-t border-border"[31m
              [36m/>[31m
            [36m</div>[31m
            [36m<div[31m
              [33mclass[31m=[32m"relative flex justify-center text-xs uppercase"[31m
            [36m>[31m
              [36m<span[31m
                [33mclass[31m=[32m"bg-card px-2 text-muted-foreground"[31m
              [36m>[31m
                [0mor[0m
              [36m</span>[31m
            [36m</div>[31m
          [36m</div>[31m
          [36m<button[31m
            [33mclass[31m=[32m"inline-flex items-center justify-center gap-2 whitespace-nowrap rounded-md text-sm font-medium transition-all disabled:pointer-events-none [&_svg]:pointer-events-none [&_svg:not([class*='size-'])]:size-4 shrink-0 [&_svg]:shrink-0 outline-none focus-visible:border-ring focus-visible:ring-ring/50 focus-visible:ring-[3px] aria-invalid:ring-destructive/20 dark:aria-invalid:ring-destructive/40 aria-invalid:border-destructive border bg-background shadow-xs hover:bg-accent hover:text-accent-foreground dark:bg-input/30 dark:border-input dark:hover:bg-input/50 h-9 px-4 py-2 has-[>svg]:px-3 w-full disabled:opacity-50 disabled:cursor-not-allowed"[31m
            [33mdata-slot[31m=[32m"button"[31m
            [33mdisabled[31m=[32m""[31m
          [36m>[31m
            [0mContinue with Google[0m
          [36m</button>[31m
        [36m</div>[31m
      [36m</div>[31m
    [36m</div>[31m
  [36m</div>[31m
[36m</body>[31m[39m
 [32m✓[39m tests/pages/auth.test.tsx[2m > [22mAuth Pages[2m > [22mSignUpPage[2m > [22mrequires role selection before google sign in[32m 47[2mms[22m[39m

[31m⎯⎯⎯⎯⎯⎯⎯[39m[1m[41m Failed Tests 2 [49m[22m[31m⎯⎯⎯⎯⎯⎯⎯[39m

[41m[1m FAIL [22m[49m tests/pages/auth.test.tsx[2m > [22mAuth Pages[2m > [22mLoginPage[2m > [22mrenders login form properly
[31m[1mTestingLibraryElementError[22m[39m: Unable to find an accessible element with the role "heading" and name `/login/i`

Here are the accessible roles:

  textbox:

  Name "Email":
  [36m<input[39m
    [33mclass[39m=[32m"w-full rounded-md border border-border bg-background px-3 py-2 text-sm text-foreground placeholder:text-muted-foreground focus:outline-none focus:ring-2 focus:ring-emerald-500"[39m
    [33mid[39m=[32m"email"[39m
    [33mname[39m=[32m"email"[39m
    [33mplaceholder[39m=[32m"you@example.com"[39m
    [33mrequired[39m=[32m""[39m
    [33mtype[39m=[32m"email"[39m
  [36m/>[39m

  --------------------------------------------------
  button:

  Name "Sign in":
  [36m<button[39m
    [33mclass[39m=[32m"inline-flex items-center justify-center gap-2 whitespace-nowrap rounded-md text-sm font-medium transition-all disabled:pointer-events-none disabled:opacity-50 [&_svg]:pointer-events-none [&_svg:not([class*='size-'])]:size-4 shrink-0 [&_svg]:shrink-0 outline-none focus-visible:border-ring focus-visible:ring-ring/50 focus-visible:ring-[3px] aria-invalid:ring-destructive/20 dark:aria-invalid:ring-destructive/40 aria-invalid:border-destructive shadow-xs h-9 px-4 py-2 has-[>svg]:px-3 w-full bg-emerald-500 hover:bg-emerald-600 text-white"[39m
    [33mdata-slot[39m=[32m"button"[39m
    [33mtype[39m=[32m"submit"[39m
  [36m/>[39m

  Name "Sign in with Google":
  [36m<button[39m
    [33mclass[39m=[32m"inline-flex items-center justify-center gap-2 whitespace-nowrap rounded-md text-sm font-medium transition-all disabled:pointer-events-none disabled:opacity-50 [&_svg]:pointer-events-none [&_svg:not([class*='size-'])]:size-4 shrink-0 [&_svg]:shrink-0 outline-none focus-visible:border-ring focus-visible:ring-ring/50 focus-visible:ring-[3px] aria-invalid:ring-destructive/20 dark:aria-invalid:ring-destructive/40 aria-invalid:border-destructive border bg-background shadow-xs hover:bg-accent hover:text-accent-foreground dark:bg-input/30 dark:border-input dark:hover:bg-input/50 h-9 px-4 py-2 has-[>svg]:px-3 w-full"[39m
    [33mdata-slot[39m=[32m"button"[39m
  [36m/>[39m

  --------------------------------------------------
  paragraph:

  Name "":
  [36m<p[39m
    [33mclass[39m=[32m"text-center text-sm text-muted-foreground"[39m
  [36m/>[39m

  --------------------------------------------------
  link:

  Name "Sign up":
  [36m<a[39m
    [33mclass[39m=[32m"text-emerald-500 hover:underline font-medium"[39m
    [33mhref[39m=[32m"/signup"[39m
  [36m/>[39m

  --------------------------------------------------

Ignored nodes: comments, script, style
[36m<body>[39m
  [36m<div>[39m
    [36m<div[39m
      [33mclass[39m=[32m"flex items-center justify-center min-h-screen bg-background text-foreground"[39m
    [36m>[39m
      [36m<div[39m
        [33mclass[39m=[32m"flex flex-col gap-6 rounded-xl border py-6 shadow-sm w-full max-w-md bg-card text-card-foreground border-border"[39m
        [33mdata-slot[39m=[32m"card"[39m
      [36m>[39m
        [36m<div[39m
          [33mclass[39m=[32m"@container/card-header grid auto-rows-min grid-rows-[auto_auto] items-start gap-1.5 px-6 has-data-[slot=card-action]:grid-cols-[1fr_auto] [.border-b]:pb-6"[39m
          [33mdata-slot[39m=[32m"card-header"[39m
        [36m>[39m
          [36m<div[39m
            [33mclass[39m=[32m"leading-none font-semibold"[39m
            [33mdata-slot[39m=[32m"card-title"[39m
          [36m>[39m
            [0mLogin[0m
          [36m</div>[39m
          [36m<div[39m
            [33mclass[39m=[32m"text-muted-foreground text-sm"[39m
            [33mdata-slot[39m=[32m"card-description"[39m
          [36m>[39m
            [0mSign in to your account[0m
          [36m</div>[39m
        [36m</div>[39m
        [36m<div[39m
          [33mclass[39m=[32m"px-6 space-y-4"[39m
          [33mdata-slot[39m=[32m"card-content"[39m
        [36m>[39m
          [36m<form[39m
            [33maction[39m=[32m"javascript:throw new Error('A React form was unexpectedly submitted. If you called form.submit() manually, consider using form.requestSubmit() instead. If you\\'re trying to use event.stopPropagation() in a submit event handler, consider also calling event.preventDefault().')"[39m
            [33mclass[39m=[32m"space-y-4"[39m
          [36m>[39m
            [36m<div[39m
              [33mclass[39m=[32m"space-y-2"[39m
            [36m>[39m
              [36m<label[39m
                [33mclass[39m=[32m"text-sm font-medium text-foreground"[39m
                [33mfor[39m=[32m"email"[39m
              [36m>[39m
                [0mEmail[0m
              [36m</label>[39m
              [36m<input[39m
                [33mclass[39m=[32m"w-full rounded-md border border-border bg-background px-3 py-2 text-sm text-foreground placeholder:text-muted-foreground focus:outline-none focus:ring-2 focus:ring-emerald-500"[39m
                [33mid[39m=[32m"email"[39m
                [33mname[39m=[32m"email"[39m
                [33mplaceholder[39m=[32m"you@example.com"[39m
                [33mrequired[39m=[32m""[39m
                [33mtype[39m=[32m"email"[39m
              [36m/>[39m
            [36m</div>[39m
            [36m<div[39m
              [33mclass[39m=[32m"space-y-2"[39m
            [36m>[39m
              [36m<label[39m
                [33mclass[39m=[32m"text-sm font-medium text-foreground"[39m
                [33mfor[39m=[32m"password"[39m
              [36m>[39m
                [0mPassword[0m
              [36m</label>[39m
              [36m<input[39m
                [33mclass[39m=[32m"w-full rounded-md border border-border bg-background px-3 py-2 text-sm text-foreground placeholder:text-muted-foreground focus:outline-none focus:ring-2 focus:ring-emerald-500"[39m
                [33mid[39m=[32m"password"[39m
                [33mname[39m=[32m"password"[39m
                [33mplaceholder[39m=[32m"••••••••"[39m
                [33mrequired[39m=[32m""[39m
                [33mtype[39m=[32m"password"[39m
              [36m/>[39m
            [36m</div>[39m
            [36m<button[39m
              [33mclass[39m=[32m"inline-flex items-center justify-center gap-2 whitespace-nowrap rounded-md text-sm font-medium transition-all disabled:pointer-events-none disabled:opacity-50 [&_svg]:pointer-events-none [&_svg:not([class*='size-'])]:size-4 shrink-0 [&_svg]:shrink-0 outline-none focus-visible:border-ring focus-visible:ring-ring/50 focus-visible:ring-[3px] aria-invalid:ring-destructive/20 dark:aria-invalid:ring-destructive/40 aria-invalid:border-destructive shadow-xs h-9 px-4 py-2 has-[>svg]:px-3 w-full bg-emerald-500 hover:bg-emerald-600 text-white"[39m
              [33mdata-slot[39m=[32m"button"[39m
              [33mtype[39m=[32m"submit"[39m
            [36m>[39m
              [0mSign in[0m
            [36m</button>[39m
          [36m</form>[39m
          [36m<div[39m
            [33mclass[39m=[32m"relative"[39m
          [36m>[39m
            [36m<div[39m
              [33mclass[39m=[32m"absolute inset-0 flex items-center"[39m
            [36m>[39m
              [36m<span[39m
                [33mclass[39m=[32m"w-full border-t border-border"[39m
              [36m/>[39m
            [36m</div>[39m
            [36m<div[39m
              [33mclass[39m=[32m"relative flex justify-center text-xs uppercase"[39m
            [36m>[39m
              [36m<span[39m
                [33mclass[39m=[32m"bg-card px-2 text-muted-foreground"[39m
              [36m>[39m
                [0mor[0m
              [36m</span>[39m
            [36m</div>[39m
          [36m</div>[39m
          [36m<button[39m
            [33mclass[39m=[32m"inline-flex items-center justify-center gap-2 whitespace-nowrap rounded-md text-sm font-medium transition-all disabled:pointer-events-none disabled:opacity-50 [&_svg]:pointer-events-none [&_svg:not([class*='size-'])]:size-4 shrink-0 [&_svg]:shrink-0 outline-none focus-visible:border-ring focus-visible:ring-ring/50 focus-visible:ring-[3px] aria-invalid:ring-destructive/20 dark:aria-invalid:ring-destructive/40 aria-invalid:border-destructive border bg-background shadow-xs hover:bg-accent hover:text-accent-foreground dark:bg-input/30 dark:border-input dark:hover:bg-input/50 h-9 px-4 py-2 has-[>svg]:px-3 w-full"[39m
            [33mdata-slot[39m=[32m"button"[39m
          [36m>[39m
            [0mSign in with Google[0m
          [36m</button>[39m
          [36m<p[39m
            [33mclass[39m=[32m"text-center text-sm text-muted-foreground"[39m
          [36m>[39m
            [0mDon't have an account?[0m
            [0m [0m
            [36m<a[39m
              [33mclass[39m=[32m"text-emerald-500 hover:underline font-medium"[39m
              [33mhref[39m=[32m"/signup"[39m
            [36m>[39m
              [0mSign up[0m
            [36m</a>[39m
          [36m</p>[39m
        [36m</div>[39m
      [36m</div>[39m
    [36m</div>[39m
  [36m</div>[39m
[36m</body>[39m
[90m [2m❯[22m Object.getElementError node_modules/@testing-library/dom/dist/config.js:[2m37:19[22m[39m
[90m [2m❯[22m node_modules/@testing-library/dom/dist/query-helpers.js:[2m76:38[22m[39m
[90m [2m❯[22m node_modules/@testing-library/dom/dist/query-helpers.js:[2m52:17[22m[39m
[90m [2m❯[22m node_modules/@testing-library/dom/dist/query-helpers.js:[2m95:19[22m[39m
[36m [2m❯[22m tests/pages/auth.test.tsx:[2m34:21[22m[39m
    [90m 32| [39m    [34mit[39m([32m'renders login form properly'[39m[33m,[39m () [33m=>[39m {
    [90m 33| [39m      [34mrender[39m([33m<[39m[33mLoginPage[39m [33m/[39m[33m>[39m)[33m;[39m
    [90m 34| [39m      expect(screen.getByRole('heading', { name: /login/i })).toBeInTh…
    [90m   | [39m                    [31m^[39m
    [90m 35| [39m      [34mexpect[39m(screen[33m.[39m[34mgetByLabelText[39m([36m/email/i[39m))[33m.[39m[34mtoBeInTheDocument[39m()[33m;[39m
    [90m 36| [39m      [34mexpect[39m(screen[33m.[39m[34mgetByLabelText[39m([36m/password/i[39m))[33m.[39m[34mtoBeInTheDocument[39m()[33m;[39m

[31m[2m⎯⎯⎯⎯⎯⎯⎯⎯⎯⎯⎯⎯⎯⎯⎯⎯⎯⎯⎯⎯⎯⎯⎯⎯[1/2]⎯[22m[39m

[41m[1m FAIL [22m[49m tests/pages/auth.test.tsx[2m > [22mAuth Pages[2m > [22mSignUpPage[2m > [22mrenders sign up form properly
[31m[1mTestingLibraryElementError[22m[39m: Unable to find an accessible element with the role "heading" and name `/sign up/i`

Here are the accessible roles:

  button:

  Name "Sign up as Mentee":
  [36m<button[39m
    [33mclass[39m=[32m"inline-flex items-center justify-center gap-2 whitespace-nowrap rounded-md text-sm font-medium transition-all disabled:pointer-events-none disabled:opacity-50 [&_svg]:pointer-events-none [&_svg:not([class*='size-'])]:size-4 shrink-0 [&_svg]:shrink-0 outline-none focus-visible:border-ring focus-visible:ring-ring/50 focus-visible:ring-[3px] aria-invalid:ring-destructive/20 dark:aria-invalid:ring-destructive/40 aria-invalid:border-destructive bg-secondary text-secondary-foreground shadow-xs hover:bg-secondary/80 h-9 px-4 py-2 has-[>svg]:px-3 w-full"[39m
    [33mdata-slot[39m=[32m"button"[39m
    [33mtype[39m=[32m"button"[39m
  [36m/>[39m

  Name "Sign up as Mentor":
  [36m<button[39m
    [33mclass[39m=[32m"inline-flex items-center justify-center gap-2 whitespace-nowrap rounded-md text-sm font-medium transition-all disabled:pointer-events-none disabled:opacity-50 [&_svg]:pointer-events-none [&_svg:not([class*='size-'])]:size-4 shrink-0 [&_svg]:shrink-0 outline-none focus-visible:border-ring focus-visible:ring-ring/50 focus-visible:ring-[3px] aria-invalid:ring-destructive/20 dark:aria-invalid:ring-destructive/40 aria-invalid:border-destructive border bg-background shadow-xs hover:bg-accent hover:text-accent-foreground dark:bg-input/30 dark:border-input dark:hover:bg-input/50 h-9 px-4 py-2 has-[>svg]:px-3 w-full"[39m
    [33mdata-slot[39m=[32m"button"[39m
    [33mtype[39m=[32m"button"[39m
  [36m/>[39m

  Name "Sign up":
  [36m<button[39m
    [33mclass[39m=[32m"inline-flex items-center justify-center gap-2 whitespace-nowrap rounded-md text-sm font-medium transition-all disabled:pointer-events-none [&_svg]:pointer-events-none [&_svg:not([class*='size-'])]:size-4 shrink-0 [&_svg]:shrink-0 outline-none focus-visible:border-ring focus-visible:ring-ring/50 focus-visible:ring-[3px] aria-invalid:ring-destructive/20 dark:aria-invalid:ring-destructive/40 aria-invalid:border-destructive shadow-xs h-9 px-4 py-2 has-[>svg]:px-3 w-full bg-emerald-500 hover:bg-emerald-600 text-white disabled:opacity-50 disabled:cursor-not-allowed"[39m
    [33mdata-slot[39m=[32m"button"[39m
    [33mdisabled[39m=[32m""[39m
    [33mtype[39m=[32m"submit"[39m
  [36m/>[39m

  Name "Continue with Google":
  [36m<button[39m
    [33mclass[39m=[32m"inline-flex items-center justify-center gap-2 whitespace-nowrap rounded-md text-sm font-medium transition-all disabled:pointer-events-none [&_svg]:pointer-events-none [&_svg:not([class*='size-'])]:size-4 shrink-0 [&_svg]:shrink-0 outline-none focus-visible:border-ring focus-visible:ring-ring/50 focus-visible:ring-[3px] aria-invalid:ring-destructive/20 dark:aria-invalid:ring-destructive/40 aria-invalid:border-destructive border bg-background shadow-xs hover:bg-accent hover:text-accent-foreground dark:bg-input/30 dark:border-input dark:hover:bg-input/50 h-9 px-4 py-2 has-[>svg]:px-3 w-full disabled:opacity-50 disabled:cursor-not-allowed"[39m
    [33mdata-slot[39m=[32m"button"[39m
    [33mdisabled[39m=[32m""[39m
  [36m/>[39m

  --------------------------------------------------
  paragraph:

  Name "":
  [36m<p[39m
    [33mclass[39m=[32m"text-xs text-muted-foreground text-center"[39m
  [36m/>[39m

  Name "":
  [36m<p[39m
    [33mclass[39m=[32m"text-center text-sm text-muted-foreground"[39m
  [36m/>[39m

  --------------------------------------------------
  textbox:

  Name "Full Name":
  [36m<input[39m
    [33mclass[39m=[32m"w-full rounded-md border border-border bg-background px-3 py-2 text-sm text-foreground placeholder:text-muted-foreground focus:outline-none focus:ring-2 focus:ring-emerald-500"[39m
    [33mid[39m=[32m"name"[39m
    [33mname[39m=[32m"name"[39m
    [33mplaceholder[39m=[32m"John Doe"[39m
    [33mrequired[39m=[32m""[39m
    [33mtype[39m=[32m"text"[39m
  [36m/>[39m

  Name "Email":
  [36m<input[39m
    [33mclass[39m=[32m"w-full rounded-md border border-border bg-background px-3 py-2 text-sm text-foreground placeholder:text-muted-foreground focus:outline-none focus:ring-2 focus:ring-emerald-500"[39m
    [33mid[39m=[32m"email"[39m
    [33mname[39m=[32m"email"[39m
    [33mplaceholder[39m=[32m"you@example.com"[39m
    [33mrequired[39m=[32m""[39m
    [33mtype[39m=[32m"email"[39m
  [36m/>[39m

  --------------------------------------------------
  link:

  Name "Sign in":
  [36m<a[39m
    [33mclass[39m=[32m"text-emerald-500 hover:underline font-medium"[39m
    [33mhref[39m=[32m"/signin"[39m
  [36m/>[39m

  --------------------------------------------------

Ignored nodes: comments, script, style
[36m<body>[39m
  [36m<div>[39m
    [36m<div[39m
      [33mclass[39m=[32m"flex items-center justify-center min-h-screen bg-background text-foreground"[39m
    [36m>[39m
      [36m<div[39m
        [33mclass[39m=[32m"flex flex-col gap-6 rounded-xl border py-6 shadow-sm w-full max-w-md bg-card text-card-foreground border-border"[39m
        [33mdata-slot[39m=[32m"card"[39m
      [36m>[39m
        [36m<div[39m
          [33mclass[39m=[32m"@container/card-header grid auto-rows-min grid-rows-[auto_auto] items-start gap-1.5 px-6 has-data-[slot=card-action]:grid-cols-[1fr_auto] [.border-b]:pb-6"[39m
          [33mdata-slot[39m=[32m"card-header"[39m
        [36m>[39m
          [36m<div[39m
            [33mclass[39m=[32m"leading-none font-semibold"[39m
            [33mdata-slot[39m=[32m"card-title"[39m
          [36m>[39m
            [0mSign Up[0m
          [36m</div>[39m
          [36m<div[39m
            [33mclass[39m=[32m"text-muted-foreground text-sm"[39m
            [33mdata-slot[39m=[32m"card-description"[39m
          [36m>[39m
            [0mCreate your account[0m
          [36m</div>[39m
        [36m</div>[39m
        [36m<div[39m
          [33mclass[39m=[32m"px-6 space-y-4"[39m
          [33mdata-slot[39m=[32m"card-content"[39m
        [36m>[39m
          [36m<form[39m
            [33maction[39m=[32m"javascript:throw new Error('A React form was unexpectedly submitted. If you called form.submit() manually, consider using form.requestSubmit() instead. If you\\'re trying to use event.stopPropagation() in a submit event handler, consider also calling event.preventDefault().')"[39m
            [33mclass[39m=[32m"space-y-4"[39m
          [36m>[39m
            [36m<input[39m
              [33mname[39m=[32m"role"[39m
              [33mtype[39m=[32m"hidden"[39m
              [33mvalue[39m=[32m"MENTEE"[39m
            [36m/>[39m
            [36m<div[39m
              [33mclass[39m=[32m"space-y-2"[39m
            [36m>[39m
              [36m<label[39m
                [33mclass[39m=[32m"text-sm font-medium text-foreground"[39m
              [36m>[39m
                [0mI want to sign up as:[0m
              [36m</label>[39m
              [36m<div[39m
                [33mclass[39m=[32m"grid grid-cols-2 gap-2"[39m
              [36m>[39m
                [36m<button[39m
                  [33mclass[39m=[32m"inline-flex items-center justify-center gap-2 whitespace-nowrap rounded-md text-sm font-medium transition-all disabled:pointer-events-none disabled:opacity-50 [&_svg]:pointer-events-none [&_svg:not([class*='size-'])]:size-4 shrink-0 [&_svg]:shrink-0 outline-none focus-visible:border-ring focus-visible:ring-ring/50 focus-visible:ring-[3px] aria-invalid:ring-destructive/20 dark:aria-invalid:ring-destructive/40 aria-invalid:border-destructive bg-secondary text-secondary-foreground shadow-xs hover:bg-secondary/80 h-9 px-4 py-2 has-[>svg]:px-3 w-full"[39m
                  [33mdata-slot[39m=[32m"button"[39m
                  [33mtype[39m=[32m"button"[39m
                [36m>[39m
                  [0mSign up as Mentee[0m
                [36m</button>[39m
                [36m<button[39m
                  [33mclass[39m=[32m"inline-flex items-center justify-center gap-2 whitespace-nowrap rounded-md text-sm font-medium transition-all disabled:pointer-events-none disabled:opacity-50 [&_svg]:pointer-events-none [&_svg:not([class*='size-'])]:size-4 shrink-0 [&_svg]:shrink-0 outline-none focus-visible:border-ring focus-visible:ring-ring/50 focus-visible:ring-[3px] aria-invalid:ring-destructive/20 dark:aria-invalid:ring-destructive/40 aria-invalid:border-destructive border bg-background shadow-xs hover:bg-accent hover:text-accent-foreground dark:bg-input/30 dark:border-input dark:hover:bg-input/50 h-9 px-4 py-2 has-[>svg]:px-3 w-full"[39m
                  [33mdata-slot[39m=[32m"button"[39m
                  [33mtype[39m=[32m"button"[39m
                [36m>[39m
                  [0mSign up as Mentor[0m
                [36m</button>[39m
              [36m</div>[39m
              [36m<p[39m
                [33mclass[39m=[32m"text-xs text-muted-foreground text-center"[39m
              [36m>[39m
                [0mPlease select your role to continue[0m
              [36m</p>[39m
            [36m</div>[39m
            [36m<div[39m
              [33mclass[39m=[32m"space-y-2"[39m
            [36m>[39m
              [36m<label[39m
                [33mclass[39m=[32m"text-sm font-medium text-foreground"[39m
                [33mfor[39m=[32m"name"[39m
              [36m>[39m
                [0mFull Name[0m
              [36m</label>[39m
              [36m<input[39m
                [33mclass[39m=[32m"w-full rounded-md border border-border bg-background px-3 py-2 text-sm text-foreground placeholder:text-muted-foreground focus:outline-none focus:ring-2 focus:ring-emerald-500"[39m
                [33mid[39m=[32m"name"[39m
                [33mname[39m=[32m"name"[39m
                [33mplaceholder[39m=[32m"John Doe"[39m
                [33mrequired[39m=[32m""[39m
                [33mtype[39m=[32m"text"[39m
              [36m/>[39m
            [36m</div>[39m
            [36m<div[39m
              [33mclass[39m=[32m"space-y-2"[39m
            [36m>[39m
              [36m<label[39m
                [33mclass[39m=[32m"text-sm font-medium text-foreground"[39m
                [33mfor[39m=[32m"email"[39m
              [36m>[39m
                [0mEmail[0m
              [36m</label>[39m
              [36m<input[39m
                [33mclass[39m=[32m"w-full rounded-md border border-border bg-background px-3 py-2 text-sm text-foreground placeholder:text-muted-foreground focus:outline-none focus:ring-2 focus:ring-emerald-500"[39m
                [33mid[39m=[32m"email"[39m
                [33mname[39m=[32m"email"[39m
                [33mplaceholder[39m=[32m"you@example.com"[39m
                [33mrequired[39m=[32m""[39m
                [33mtype[39m=[32m"email"[39m
              [36m/>[39m
            [36m</div>[39m
            [36m<div[39m
              [33mclass[39m=[32m"space-y-2"[39m
            [36m>[39m
              [36m<label[39m
                [33mclass[39m=[32m"text-sm font-medium text-foreground"[39m
                [33mfor[39m=[32m"password"[39m
              [36m>[39m
                [0mPassword[0m
              [36m</label>[39m
              [36m<input[39m
                [33mclass[39m=[32m"w-full rounded-md border border-border bg-background px-3 py-2 text-sm text-foreground placeholder:text-muted-foreground focus:outline-none focus:ring-2 focus:ring-emerald-500"[39m
                [33mid[39m=[32m"password"[39m
                [33mname[39m=[32m"password"[39m
                [33mplaceholder[39m=[32m"••••••••"[39m
                [33mrequired[39m=[32m""[39m
                [33mtype[39m=[32m"password"[39m
              [36m/>[39m
            [36m</div>[39m
            [36m<div[39m
              [33mclass[39m=[32m"space-y-2"[39m
            [36m>[39m
              [36m<label[39m
                [33mclass[39m=[32m"text-sm font-medium text-foreground"[39m
                [33mfor[39m=[32m"confirmPassword"[39m
              [36m>[39m
                [0mConfirm Password[0m
              [36m</label>[39m
              [36m<input[39m
                [33mclass[39m=[32m"w-full rounded-md border border-border bg-background px-3 py-2 text-sm text-foreground placeholder:text-muted-foreground focus:outline-none focus:ring-2 focus:ring-emerald-500"[39m
                [33mid[39m=[32m"confirmPassword"[39m
                [33mname[39m=[32m"confirmPassword"[39m
                [33mplaceholder[39m=[32m"••••••••"[39m
                [33mrequired[39m=[32m""[39m
                [33mtype[39m=[32m"password"[39m
              [36m/>[39m
            [36m</div>[39m
            [36m<button[39m
              [33mclass[39m=[32m"inline-flex items-center justify-center gap-2 whitespace-nowrap rounded-md text-sm font-medium transition-all disabled:pointer-events-none [&_svg]:pointer-events-none [&_svg:not([class*='size-'])]:size-4 shrink-0 [&_svg]:shrink-0 outline-none focus-visible:border-ring focus-visible:ring-ring/50 focus-visible:ring-[3px] aria-invalid:ring-destructive/20 dark:aria-invalid:ring-destructive/40 aria-invalid:border-destructive shadow-xs h-9 px-4 py-2 has-[>svg]:px-3 w-full bg-emerald-500 hover:bg-emerald-600 text-white disabled:opacity-50 disabled:cursor-not-allowed"[39m
              [33mdata-slot[39m=[32m"button"[39m
              [33mdisabled[39m=[32m""[39m
              [33mtype[39m=[32m"submit"[39m
            [36m>[39m
              [0mSign up[0m
            [36m</button>[39m
          [36m</form>[39m
          [36m<p[39m
            [33mclass[39m=[32m"text-center text-sm text-muted-foreground"[39m
          [36m>[39m
            [0mAlready have an account?[0m
            [0m [0m
            [36m<a[39m
              [33mclass[39m=[32m"text-emerald-500 hover:underline font-medium"[39m
              [33mhref[39m=[32m"/signin"[39m
            [36m>[39m
              [0mSign in[0m
            [36m</a>[39m
          [36m</p>[39m
          [36m<div[39m
            [33mclass[39m=[32m"relative"[39m
          [36m>[39m
            [36m<div[39m
              [33mclass[39m=[32m"absolute inset-0 flex items-center"[39m
            [36m>[39m
              [36m<span[39m
                [33mclass[39m=[32m"w-full border-t border-border"[39m
              [36m/>[39m
            [36m</div>[39m
            [36m<div[39m
              [33mclass[39m=[32m"relative flex justify-center text-xs uppercase"[39m
            [36m>[39m
              [36m<span[39m
                [33mclass[39m=[32m"bg-card px-2 text-muted-foreground"[39m
              [36m>[39m
                [0mor[0m
              [36m</span>[39m
            [36m</div>[39m
          [36m</div>[39m
          [36m<button[39m
            [33mclass[39m=[32m"inline-flex items-center justify-center gap-2 whitespace-nowrap rounded-md text-sm font-medium transition-all disabled:pointer-events-none [&_svg]:pointer-events-none [&_svg:not([class*='size-'])]:size-4 shrink-0 [&_svg]:shrink-0 outline-none focus-visible:border-ring focus-visible:ring-ring/50 focus-visible:ring-[3px] aria-invalid:ring-destructive/20 dark:aria-invalid:ring-destructive/40 aria-invalid:border-destructive border bg-background shadow-xs hover:bg-accent hover:text-accent-foreground dark:bg-input/30 dark:border-input dark:hover:bg-input/50 h-9 px-4 py-2 has-[>svg]:px-3 w-full disabled:opacity-50 disabled:cursor-not-allowed"[39m
            [33mdata-slot[39m=[32m"button"[39m
            [33mdisabled[39m=[32m""[39m
          [36m>[39m
            [0mContinue with Google[0m
          [36m</button>[39m
        [36m</div>[39m
      [36m</div>[39m
    [36m</div>[39m
  [36m</div>[39m
[36m</body>[39m
[90m [2m❯[22m Object.getElementError node_modules/@testing-library/dom/dist/config.js:[2m37:19[22m[39m
[90m [2m❯[22m node_modules/@testing-library/dom/dist/query-helpers.js:[2m76:38[22m[39m
[90m [2m❯[22m node_modules/@testing-library/dom/dist/query-helpers.js:[2m52:17[22m[39m
[90m [2m❯[22m node_modules/@testing-library/dom/dist/query-helpers.js:[2m95:19[22m[39m
[36m [2m❯[22m tests/pages/auth.test.tsx:[2m45:21[22m[39m
    [90m 43| [39m    [34mit[39m([32m'renders sign up form properly'[39m[33m,[39m () [33m=>[39m {
    [90m 44| [39m      [34mrender[39m([33m<[39m[33mSignUpPage[39m [33m/[39m[33m>[39m)[33m;[39m
    [90m 45| [39m      expect(screen.getByRole('heading', { name: /sign up/i })).toBeIn…
    [90m   | [39m                    [31m^[39m
    [90m 46| [39m      [34mexpect[39m(screen[33m.[39m[34mgetByLabelText[39m([36m/full name/i[39m))[33m.[39m[34mtoBeInTheDocument[39m()[33m;[39m
    [90m 47| [39m      [34mexpect[39m(screen[33m.[39m[34mgetByLabelText[39m([36m/^email/i[39m))[33m.[39m[34mtoBeInTheDocument[39m()[33m;[39m

[31m[2m⎯⎯⎯⎯⎯⎯⎯⎯⎯⎯⎯⎯⎯⎯⎯⎯⎯⎯⎯⎯⎯⎯⎯⎯[2/2]⎯[22m[39m


[2m Test Files [22m [1m[31m1 failed[39m[22m[90m (1)[39m
[2m      Tests [22m [1m[31m2 failed[39m[22m[2m | [22m[1m[32m1 passed[39m[22m[90m (3)[39m
[2m   Start at [22m 08:24:16
[2m   Duration [22m 3.14s[2m (transform 396ms, setup 175ms, import 922ms, tests 637ms, environment 1.13s)[22m

